// Jest Snapshot v1, https://goo.gl/fbAQLP

exports[`assemble warnings when api features used after assembly schema.use 1`] = `
Array [
  Array [
    "â–² yoma Cannot call [33mapp.schema.use[39m(...) after app.assemble()

The Yoma Schema plugin you used will be ignored.
",
  ],
]
`;

exports[`assemble warnings when api features used after assembly settings.change 1`] = `
Array [
  Array [
    "â–² yoma Cannot call [33mapp.settings.change[39m(...) after app.assemble()

Your change of settings will be ignored.
",
  ],
]
`;
